// Jest Snapshot v1, https://goo.gl/fbAQLP

exports[`Displays release form 1`] = `
"<h1 class=\\"nhsuk-label-wrapper\\"><label class=\\"nhsuk-label nhsuk-label--xl\\">Release prescription(s)</label></h1>
<form>
  <div class=\\"nhsuk-form-group\\">
    <fieldset class=\\"nhsuk-fieldset\\">
      <div class=\\"nhsuk-form-group\\"><label class=\\"nhsuk-label nhsuk-label--s\\" id=\\"releaseType--label\\" for=\\"releaseType\\">Choose how you want to release prescription(s)</label>
        <div class=\\"nhsuk-radios\\" id=\\"releaseType\\" aria-labelledby=\\"releaseType--label\\" value=\\"prescriptionId\\" role=\\"radiogroup\\">
          <div class=\\"nhsuk-radios__item\\"><input class=\\"nhsuk-radios__input\\" id=\\"releaseType-1\\" name=\\"releaseType\\" aria-labelledby=\\"releaseType-1--label\\" type=\\"radio\\" value=\\"all\\"><label class=\\"nhsuk-label nhsuk-radios__label\\" id=\\"releaseType-1--label\\" for=\\"releaseType-1\\">All nominated prescriptions for the below pharmacy</label></div>
          <div class=\\"nhsuk-radios__item\\"><input class=\\"nhsuk-radios__input\\" id=\\"releaseType-2\\" name=\\"releaseType\\" aria-labelledby=\\"releaseType-2--label\\" type=\\"radio\\" value=\\"prescriptionId\\" checked=\\"\\"><label class=\\"nhsuk-label nhsuk-radios__label\\" id=\\"releaseType-2--label\\" for=\\"releaseType-2\\">A single prescription by ID</label></div>
          <div class=\\"nhsuk-radios__item\\"><input class=\\"nhsuk-radios__input\\" id=\\"releaseType-3\\" name=\\"releaseType\\" aria-labelledby=\\"releaseType-3--label\\" type=\\"radio\\" value=\\"custom\\"><label class=\\"nhsuk-label nhsuk-radios__label\\" id=\\"releaseType-3--label\\" for=\\"releaseType-3\\">With a FHIR release message</label></div>
        </div>
      </div>
      <div class=\\"nhsuk-form-group\\"><label class=\\"nhsuk-label\\" id=\\"prescriptionId--label\\" for=\\"prescriptionId\\">Prescription ID</label><input class=\\"nhsuk-input nhsuk-input--width-30\\" aria-labelledby=\\"prescriptionId--label\\" name=\\"prescriptionId\\" id=\\"prescriptionId\\" type=\\"text\\" value=\\"7A9089-A83008-56A03J\\"></div>
      <div class=\\"nhsuk-form-group\\"><label class=\\"nhsuk-label nhsuk-label--s\\" id=\\"pharmacy--label\\" for=\\"pharmacy\\">Pharmacy to release prescriptions to</label>
        <div class=\\"nhsuk-radios\\" id=\\"pharmacy\\" aria-labelledby=\\"pharmacy--label\\" value=\\"\\" role=\\"radiogroup\\">
          <div class=\\"nhsuk-radios__item\\"><input class=\\"nhsuk-radios__input\\" id=\\"pharmacy-1\\" name=\\"pharmacy\\" aria-labelledby=\\"pharmacy-1--label\\" type=\\"radio\\" value=\\"VNFKT\\"><label class=\\"nhsuk-label nhsuk-radios__label\\" id=\\"pharmacy-1--label\\" for=\\"pharmacy-1\\">VNFKT - FIVE STAR HOMECARE LEEDS LTD</label></div>
          <div class=\\"nhsuk-radios__item\\"><input class=\\"nhsuk-radios__input\\" id=\\"pharmacy-2\\" name=\\"pharmacy\\" aria-labelledby=\\"pharmacy-2--label\\" type=\\"radio\\" value=\\"YGM1E\\"><label class=\\"nhsuk-label nhsuk-radios__label\\" id=\\"pharmacy-2--label\\" for=\\"pharmacy-2\\">YGM1E - MBBM HEALTHCARE TECHNOLOGIES LTD</label></div>
          <div class=\\"nhsuk-radios__item\\"><input class=\\"nhsuk-radios__input\\" id=\\"pharmacy-3\\" name=\\"pharmacy\\" aria-labelledby=\\"pharmacy-3--label\\" type=\\"radio\\" value=\\"custom\\"><label class=\\"nhsuk-label nhsuk-radios__label\\" id=\\"pharmacy-3--label\\" for=\\"pharmacy-3\\">Other</label></div>
        </div>
      </div>
    </fieldset>
  </div>
  <div class=\\"sc-bdvvtL jjZBkx\\"><button class=\\"nhsuk-button\\" aria-disabled=\\"false\\" type=\\"submit\\">Release</button><button class=\\"nhsuk-button nhsuk-button--secondary\\" aria-disabled=\\"false\\" type=\\"button\\">Back</button></div>
</form>"
`;

exports[`Displays release result 1`] = `
"<h1 class=\\"nhsuk-label-wrapper\\"><label class=\\"nhsuk-label nhsuk-label--xl\\">Release Result <svg class=\\"nhsuk-icon nhsuk-icon__tick\\" xmlns=\\"http://www.w3.org/2000/svg\\" viewBox=\\"0 0 24 24\\" aria-hidden=\\"true\\" height=\\"32\\" width=\\"32\\">
      <path stroke-width=\\"4\\" stroke-linecap=\\"round\\" stroke=\\"#007f3b\\" fill=\\"none\\" d=\\"M18.4 7.8l-8.5 8.4L5.6 12\\"></path>
    </svg></label></h1>
<div class=\\"nhsuk-expander-group\\">
  <details class=\\"nhsuk-details nhsuk-expander\\">
    <summary class=\\"nhsuk-details__summary\\"><span class=\\"nhsuk-details__summary-text\\">Request (FHIR)</span></summary>
    <div class=\\"nhsuk-details__text\\">
      <div class=\\"sc-bdvvtL jjZBkx\\"><button class=\\"nhsuk-button sc-dkPtRN hhyeAF\\" aria-disabled=\\"false\\" type=\\"submit\\">Copy</button><a class=\\"nhsuk-button sc-dkPtRN hhyeAF\\" role=\\"button\\" aria-disabled=\\"false\\" draggable=\\"false\\" href=\\"data:application/json;charset=utf-8,%22JSON%20Request%22\\" download=\\"message\\">Download</a></div><pre class=\\"sc-gsDKAQ jsqwND\\">\\"JSON Request\\"</pre>
    </div>
  </details>
  <details class=\\"nhsuk-details nhsuk-expander\\">
    <summary class=\\"nhsuk-details__summary\\"><span class=\\"nhsuk-details__summary-text\\">Request (HL7 V3)</span></summary>
    <div class=\\"nhsuk-details__text\\">
      <div class=\\"sc-bdvvtL jjZBkx\\"><button class=\\"nhsuk-button sc-dkPtRN hhyeAF\\" aria-disabled=\\"false\\" type=\\"submit\\">Copy</button><a class=\\"nhsuk-button sc-dkPtRN hhyeAF\\" role=\\"button\\" aria-disabled=\\"false\\" draggable=\\"false\\" href=\\"data:text/xml;charset=utf-8,XML%20Request\\" download=\\"message\\">Download</a></div><pre class=\\"sc-gsDKAQ jsqwND\\">XML Request</pre>
    </div>
  </details>
  <details class=\\"nhsuk-details nhsuk-expander\\">
    <summary class=\\"nhsuk-details__summary\\"><span class=\\"nhsuk-details__summary-text\\">Response (FHIR)</span></summary>
    <div class=\\"nhsuk-details__text\\">
      <div class=\\"sc-bdvvtL jjZBkx\\"><button class=\\"nhsuk-button sc-dkPtRN hhyeAF\\" aria-disabled=\\"false\\" type=\\"submit\\">Copy</button><a class=\\"nhsuk-button sc-dkPtRN hhyeAF\\" role=\\"button\\" aria-disabled=\\"false\\" draggable=\\"false\\" href=\\"data:application/json;charset=utf-8,%22JSON%20Response%22\\" download=\\"message\\">Download</a></div><pre class=\\"sc-gsDKAQ jsqwND\\">\\"JSON Response\\"</pre>
    </div>
  </details>
  <details class=\\"nhsuk-details nhsuk-expander\\">
    <summary class=\\"nhsuk-details__summary\\"><span class=\\"nhsuk-details__summary-text\\">Response (HL7 V3)</span></summary>
    <div class=\\"nhsuk-details__text\\">
      <div class=\\"sc-bdvvtL jjZBkx\\"><button class=\\"nhsuk-button sc-dkPtRN hhyeAF\\" aria-disabled=\\"false\\" type=\\"submit\\">Copy</button><a class=\\"nhsuk-button sc-dkPtRN hhyeAF\\" role=\\"button\\" aria-disabled=\\"false\\" draggable=\\"false\\" href=\\"data:text/xml;charset=utf-8,XML%20Response\\" download=\\"message\\">Download</a></div><pre class=\\"sc-gsDKAQ jsqwND\\">XML Response</pre>
    </div>
  </details>
</div>
<div class=\\"sc-bdvvtL jjZBkx\\"><button class=\\"nhsuk-button nhsuk-button--secondary\\" aria-disabled=\\"false\\" type=\\"button\\">Back</button></div>"
`;
