// Jest Snapshot v1, https://goo.gl/fbAQLP

exports[`Displays validate form 1`] = `
"<h1 class=\\"nhsuk-label-wrapper\\"><label class=\\"nhsuk-label nhsuk-label--xl\\">Validate a FHIR Resource</label></h1>
<form>
  <div class=\\"nhsuk-form-group\\">
    <fieldset class=\\"nhsuk-fieldset sc-jrQzAO htEIFh\\">
      <div class=\\"nhsuk-form-group\\"><textarea class=\\"nhsuk-textarea\\" name=\\"validatePayload\\" id=\\"validatePayload\\" rows=\\"20\\"></textarea></div>
    </fieldset>
  </div>
  <div class=\\"sc-gsDKAQ fnrIHM\\"><button class=\\"nhsuk-button\\" aria-disabled=\\"false\\" type=\\"submit\\">Validate</button><button class=\\"nhsuk-button nhsuk-button--secondary\\" aria-disabled=\\"false\\" type=\\"button\\">Back</button></div>
</form>"
`;

exports[`Displays validate result 1`] = `
"<h1 class=\\"nhsuk-label-wrapper\\"><label class=\\"nhsuk-label nhsuk-label--xl\\">Validate Result <svg class=\\"nhsuk-icon nhsuk-icon__tick\\" xmlns=\\"http://www.w3.org/2000/svg\\" viewBox=\\"0 0 24 24\\" aria-hidden=\\"true\\" height=\\"32\\" width=\\"32\\">
      <path stroke-width=\\"4\\" stroke-linecap=\\"round\\" stroke=\\"#007f3b\\" fill=\\"none\\" d=\\"M18.4 7.8l-8.5 8.4L5.6 12\\"></path>
    </svg></label></h1>
<div class=\\"nhsuk-expander-group\\">
  <details class=\\"nhsuk-details nhsuk-expander\\">
    <summary class=\\"nhsuk-details__summary\\"><span class=\\"nhsuk-details__summary-text\\">Request (FHIR)</span></summary>
    <div class=\\"nhsuk-details__text\\">
      <div class=\\"sc-gsDKAQ fnrIHM\\"><button class=\\"nhsuk-button sc-hKwDye iPOQge\\" aria-disabled=\\"false\\" type=\\"submit\\">Copy</button><a class=\\"nhsuk-button sc-hKwDye iPOQge\\" role=\\"button\\" aria-disabled=\\"false\\" draggable=\\"false\\" href=\\"data:application/json;charset=utf-8,%22JSON%20Request%22\\" download=\\"message\\">Download</a></div><pre class=\\"sc-dkPtRN eYznaf\\">\\"JSON Request\\"</pre>
    </div>
  </details>
  <details class=\\"nhsuk-details nhsuk-expander\\">
    <summary class=\\"nhsuk-details__summary\\"><span class=\\"nhsuk-details__summary-text\\">Response (FHIR)</span></summary>
    <div class=\\"nhsuk-details__text\\">
      <div class=\\"sc-gsDKAQ fnrIHM\\"><button class=\\"nhsuk-button sc-hKwDye iPOQge\\" aria-disabled=\\"false\\" type=\\"submit\\">Copy</button><a class=\\"nhsuk-button sc-hKwDye iPOQge\\" role=\\"button\\" aria-disabled=\\"false\\" draggable=\\"false\\" href=\\"data:application/json;charset=utf-8,%22JSON%20Response%22\\" download=\\"message\\">Download</a></div><pre class=\\"sc-dkPtRN eYznaf\\">\\"JSON Response\\"</pre>
    </div>
  </details>
</div>
<div class=\\"sc-gsDKAQ fnrIHM\\"><button class=\\"nhsuk-button nhsuk-button--secondary\\" aria-disabled=\\"false\\" type=\\"button\\">Back</button></div>"
`;
